--- Starting System Design Verification ---
[32m[PASS][0m Task: Should create a valid task with defaults
[32m[PASS][0m Task: Should throw error on empty description
[32m[PASS][0m Task: Should update status correctly
[32m[PASS][0m Task: Should throw error on invalid status
[32m[PASS][0m TodoList: Full Workflow (Add -> Edit -> Delete)
[32m[PASS][0m TodoList: Reorganize items (Boundary Check)
[FAIL] TodoList: Reorganize throws on out of bounds
The input did not match the regular expression /Index out of bounds/. Input:

'RangeError: Reorganize failed: Index 0 or 5 is out of bounds (valid: 0..0).'

